keccak circuit
--
Gates & Instructions
├─ Number of gates: 27,625
├─ Number of evaluation instructions: 27,625
├─ Distinct value indices: 41,877
│  ├─ Distinct shifted value indices: 34,604
│  └─ Distinct unshifted value indices: 7,273

Constraints
├─ AND constraints: 7,225 used (88.2% of 2^13)
│  [▓▓▓▓▓▓▓▓░░] spare: 967
└─ MUL constraints: 0 used (0.0% of 2^0)
   [░░░░░░░░░░] spare: 1

Value Vector
├─ Public Section: 73 used (57.0% of 2^7)
│  [▓▓▓▓▓░░░░░] spare: 55
│  ├─ Constants: 23
│  └─ Inout: 50
├─ Private Section: 7,200 used (89.3%)
│  [▓▓▓▓▓▓▓▓░░] spare: 864
│  ├─ Witness: 0
│  └─ Internal: 7,200
├─ Total Committed: 7,273 used (88.8% of 2^13)
│  [▓▓▓▓▓▓▓▓░░] spare: 919
└─ Scratch (uncommitted): 20,400

