sha512 circuit
--
Gates & Instructions
├─ Number of gates: 48,779
├─ Number of evaluation instructions: 49,886
├─ Distinct value indices: 63,034
│  ├─ Distinct shifted value indices: 41,309
│  └─ Distinct unshifted value indices: 21,725

Constraints
├─ AND constraints: 21,349 used (65.2% of 2^15)
│  [▓▓▓▓▓▓░░░░] spare: 11,419
└─ MUL constraints: 0 used (0.0% of 2^0)
   [░░░░░░░░░░] spare: 1

Value Vector
├─ Public Section: 641 used (62.6% of 2^10)
│  [▓▓▓▓▓▓░░░░] spare: 383
│  ├─ Constants: 377
│  └─ Inout: 264
├─ Private Section: 21,084 used (66.4%)
│  [▓▓▓▓▓▓░░░░] spare: 10,660
│  ├─ Witness: 273
│  └─ Internal: 20,811
├─ Total Committed: 21,725 used (66.3% of 2^15)
│  [▓▓▓▓▓▓░░░░] spare: 11,043
└─ Scratch (uncommitted): 54,941

